▲ Next.js 16.3.6 (webpack)
✓ Running next.config.ts took 35ms

  Creating an optimized production build ...
✓ Compiled successfully in 4.1s
  Running TypeScript ...
  Finished TypeScript in 2.3s ...
  Collecting page data using 10 workers ...
  Generating static pages using 10 workers (0/11) ...
  Generating static pages using 10 workers (2/11) 
  Generating static pages using 10 workers (5/11) 
  Generating static pages using 10 workers (8/11) 
✓ Generating static pages using 10 workers (11/11) in 1957ms
  Finalizing page optimization ...
  Collecting build traces ...

Route (app)
┌ ○ /
├ ○ /_not-found
├   /[locale]
│ ├ ● /es
│ ├ ● /en
│ └ ● /zh
├ ○ /cookies
├ ○ /privacy
├ ○ /sitemap.xml
└ ○ /terms


○  (Static)  prerendered as static content
●  (SSG)     prerendered as static HTML (uses generateStaticParams)

